<html>
<body>
<pre>
<h1>µVision Build Log</h1>
<h2>Project:</h2>
C:\Users\Artur\Desktop\PodstawyPrzetwarzaniaSygnalow\ADC\ADC.uvproj
Project File Date:  01/22/2016

<h2>Output:</h2>
Rebuild target 'Target 1'
compiling main.c...
src\main.c(179): warning:  #940-D: missing return statement at end of non-void function "DAC_Convert"
compiling stm32f4xx_it.c...
compiling stm32f4xx_tim.c...
compiling misc.c...
compiling stm32f4xx_rcc.c...
compiling stm32f4xx_adc.c...
compiling stm32f4xx_dma.c...
compiling stm32f4xx_gpio.c...
compiling stm32f4xx_dac.c...
compiling system_stm32f4xx.c...
assembling startup_stm32f40xx.s...
linking...
Program Size: Code=8548 RO-data=424 RW-data=44 ZI-data=1028  
FromELF: creating hex file...
".\obj\Sygnal_1.axf" - 0 Errors, 1 Warning(s).
