ARM Linker, 5.03 [Build 76] [MDK-ARM Lite]

==============================================================================

Section Cross References

    main.o(.text) refers to stm32f4xx_rcc.o(.text) for RCC_AHB1PeriphClockCmd
    main.o(.text) refers to stm32f4xx_gpio.o(.text) for GPIO_Init
    main.o(.text) refers to stm32f4xx_tim.o(.text) for TIM_TimeBaseInit
    main.o(.text) refers to stm32f4xx_adc.o(.text) for ADC_CommonInit
    main.o(.text) refers to stm32f4xx_dac.o(.text) for DAC_Init
    main.o(.text) refers to main.o(.data) for Sygnal1
    stm32f4xx_tim.o(.text) refers to stm32f4xx_rcc.o(.text) for RCC_APB2PeriphResetCmd
    stm32f4xx_rcc.o(.text) refers to stm32f4xx_rcc.o(.data) for APBAHBPrescTable
    stm32f4xx_adc.o(.text) refers to stm32f4xx_rcc.o(.text) for RCC_APB2PeriphResetCmd
    stm32f4xx_gpio.o(.text) refers to stm32f4xx_rcc.o(.text) for RCC_AHB1PeriphResetCmd
    stm32f4xx_dac.o(.text) refers to stm32f4xx_rcc.o(.text) for RCC_APB1PeriphResetCmd
    system_stm32f4xx.o(.text) refers to system_stm32f4xx.o(.data) for SystemCoreClock
    startup_stm32f40xx.o(RESET) refers to startup_stm32f40xx.o(STACK) for __initial_sp
    startup_stm32f40xx.o(RESET) refers to startup_stm32f40xx.o(.text) for Reset_Handler
    startup_stm32f40xx.o(RESET) refers to stm32f4xx_it.o(.text) for NMI_Handler
    startup_stm32f40xx.o(.text) refers to system_stm32f4xx.o(.text) for SystemInit
    startup_stm32f40xx.o(.text) refers to entry.o(.ARM.Collect$$$$00000000) for __main
    entry.o(.ARM.Collect$$$$00000000) refers (Special) to entry10a.o(.ARM.Collect$$$$0000000D) for __rt_final_cpp
    entry.o(.ARM.Collect$$$$00000000) refers (Special) to entry11a.o(.ARM.Collect$$$$0000000F) for __rt_final_exit
    entry.o(.ARM.Collect$$$$00000000) refers (Special) to entry7b.o(.ARM.Collect$$$$00000008) for _main_clock
    entry.o(.ARM.Collect$$$$00000000) refers (Special) to entry8b.o(.ARM.Collect$$$$0000000A) for _main_cpp_init
    entry.o(.ARM.Collect$$$$00000000) refers (Special) to entry9a.o(.ARM.Collect$$$$0000000B) for _main_init
    entry.o(.ARM.Collect$$$$00000000) refers (Special) to entry5.o(.ARM.Collect$$$$00000004) for _main_scatterload
    entry.o(.ARM.Collect$$$$00000000) refers (Special) to entry2.o(.ARM.Collect$$$$00000001) for _main_stk
    entry2.o(.ARM.Collect$$$$00000001) refers to entry2.o(.ARM.Collect$$$$00002712) for __lit__00000000
    entry2.o(.ARM.Collect$$$$00002712) refers to startup_stm32f40xx.o(STACK) for __initial_sp
    entry2.o(__vectab_stack_and_reset_area) refers to startup_stm32f40xx.o(STACK) for __initial_sp
    entry2.o(__vectab_stack_and_reset_area) refers to entry.o(.ARM.Collect$$$$00000000) for __main
    entry5.o(.ARM.Collect$$$$00000004) refers to init.o(.text) for __scatterload
    entry9a.o(.ARM.Collect$$$$0000000B) refers to main.o(.text) for main
    entry9b.o(.ARM.Collect$$$$0000000C) refers to main.o(.text) for main
    init.o(.text) refers to entry5.o(.ARM.Collect$$$$00000004) for __main_after_scatterload


==============================================================================

Removing Unused input sections from the image.

    Removing main.o(.rev16_text), (4 bytes).
    Removing main.o(.revsh_text), (4 bytes).
    Removing stm32f4xx_it.o(.rev16_text), (4 bytes).
    Removing stm32f4xx_it.o(.revsh_text), (4 bytes).
    Removing stm32f4xx_tim.o(.rev16_text), (4 bytes).
    Removing stm32f4xx_tim.o(.revsh_text), (4 bytes).
    Removing misc.o(.rev16_text), (4 bytes).
    Removing misc.o(.revsh_text), (4 bytes).
    Removing misc.o(.text), (228 bytes).
    Removing stm32f4xx_rcc.o(.rev16_text), (4 bytes).
    Removing stm32f4xx_rcc.o(.revsh_text), (4 bytes).
    Removing stm32f4xx_adc.o(.rev16_text), (4 bytes).
    Removing stm32f4xx_adc.o(.revsh_text), (4 bytes).
    Removing stm32f4xx_dma.o(.rev16_text), (4 bytes).
    Removing stm32f4xx_dma.o(.revsh_text), (4 bytes).
    Removing stm32f4xx_dma.o(.text), (932 bytes).
    Removing stm32f4xx_gpio.o(.rev16_text), (4 bytes).
    Removing stm32f4xx_gpio.o(.revsh_text), (4 bytes).
    Removing stm32f4xx_dac.o(.rev16_text), (4 bytes).
    Removing stm32f4xx_dac.o(.revsh_text), (4 bytes).
    Removing system_stm32f4xx.o(.rev16_text), (4 bytes).
    Removing system_stm32f4xx.o(.revsh_text), (4 bytes).
    Removing startup_stm32f40xx.o(HEAP), (512 bytes).

23 unused section(s) (total 1752 bytes) removed from the image.

==============================================================================

Image Symbol Table

    Local Symbols

    Symbol Name                              Value     Ov Type        Size  Object(Section)

    ../clib/microlib/init/entry.s            0x00000000   Number         0  entry9b.o ABSOLUTE
    ../clib/microlib/init/entry.s            0x00000000   Number         0  entry9a.o ABSOLUTE
    ../clib/microlib/init/entry.s            0x00000000   Number         0  entry8b.o ABSOLUTE
    ../clib/microlib/init/entry.s            0x00000000   Number         0  entry8a.o ABSOLUTE
    ../clib/microlib/init/entry.s            0x00000000   Number         0  entry10b.o ABSOLUTE
    ../clib/microlib/init/entry.s            0x00000000   Number         0  entry7b.o ABSOLUTE
    ../clib/microlib/init/entry.s            0x00000000   Number         0  entry7a.o ABSOLUTE
    ../clib/microlib/init/entry.s            0x00000000   Number         0  entry5.o ABSOLUTE
    ../clib/microlib/init/entry.s            0x00000000   Number         0  entry2.o ABSOLUTE
    ../clib/microlib/init/entry.s            0x00000000   Number         0  entry.o ABSOLUTE
    ../clib/microlib/init/entry.s            0x00000000   Number         0  entry10a.o ABSOLUTE
    ../clib/microlib/init/entry.s            0x00000000   Number         0  entry11a.o ABSOLUTE
    ../clib/microlib/init/entry.s            0x00000000   Number         0  entry11b.o ABSOLUTE
    dc.s                                     0x00000000   Number         0  dc.o ABSOLUTE
    handlers.s                               0x00000000   Number         0  handlers.o ABSOLUTE
    init.s                                   0x00000000   Number         0  init.o ABSOLUTE
    libraries\STM32F4xx_StdPeriph_Driver\src\misc.c 0x00000000   Number         0  misc.o ABSOLUTE
    libraries\STM32F4xx_StdPeriph_Driver\src\stm32f4xx_adc.c 0x00000000   Number         0  stm32f4xx_adc.o ABSOLUTE
    libraries\STM32F4xx_StdPeriph_Driver\src\stm32f4xx_dac.c 0x00000000   Number         0  stm32f4xx_dac.o ABSOLUTE
    libraries\STM32F4xx_StdPeriph_Driver\src\stm32f4xx_dma.c 0x00000000   Number         0  stm32f4xx_dma.o ABSOLUTE
    libraries\STM32F4xx_StdPeriph_Driver\src\stm32f4xx_gpio.c 0x00000000   Number         0  stm32f4xx_gpio.o ABSOLUTE
    libraries\STM32F4xx_StdPeriph_Driver\src\stm32f4xx_rcc.c 0x00000000   Number         0  stm32f4xx_rcc.o ABSOLUTE
    libraries\STM32F4xx_StdPeriph_Driver\src\stm32f4xx_tim.c 0x00000000   Number         0  stm32f4xx_tim.o ABSOLUTE
    libraries\\STM32F4xx_StdPeriph_Driver\\src\\misc.c 0x00000000   Number         0  misc.o ABSOLUTE
    libraries\\STM32F4xx_StdPeriph_Driver\\src\\stm32f4xx_adc.c 0x00000000   Number         0  stm32f4xx_adc.o ABSOLUTE
    libraries\\STM32F4xx_StdPeriph_Driver\\src\\stm32f4xx_dac.c 0x00000000   Number         0  stm32f4xx_dac.o ABSOLUTE
    libraries\\STM32F4xx_StdPeriph_Driver\\src\\stm32f4xx_dma.c 0x00000000   Number         0  stm32f4xx_dma.o ABSOLUTE
    libraries\\STM32F4xx_StdPeriph_Driver\\src\\stm32f4xx_gpio.c 0x00000000   Number         0  stm32f4xx_gpio.o ABSOLUTE
    libraries\\STM32F4xx_StdPeriph_Driver\\src\\stm32f4xx_rcc.c 0x00000000   Number         0  stm32f4xx_rcc.o ABSOLUTE
    libraries\\STM32F4xx_StdPeriph_Driver\\src\\stm32f4xx_tim.c 0x00000000   Number         0  stm32f4xx_tim.o ABSOLUTE
    src\\main.c                              0x00000000   Number         0  main.o ABSOLUTE
    src\\stm32f4xx_it.c                      0x00000000   Number         0  stm32f4xx_it.o ABSOLUTE
    src\\system_stm32f4xx.c                  0x00000000   Number         0  system_stm32f4xx.o ABSOLUTE
    src\main.c                               0x00000000   Number         0  main.o ABSOLUTE
    src\stm32f4xx_it.c                       0x00000000   Number         0  stm32f4xx_it.o ABSOLUTE
    src\system_stm32f4xx.c                   0x00000000   Number         0  system_stm32f4xx.o ABSOLUTE
    startup_stm32f40xx.s                     0x00000000   Number         0  startup_stm32f40xx.o ABSOLUTE
    RESET                                    0x08000000   Section      392  startup_stm32f40xx.o(RESET)
    .ARM.Collect$$$$00000000                 0x08000188   Section        0  entry.o(.ARM.Collect$$$$00000000)
    .ARM.Collect$$$$00000001                 0x08000188   Section        4  entry2.o(.ARM.Collect$$$$00000001)
    .ARM.Collect$$$$00000004                 0x0800018c   Section        4  entry5.o(.ARM.Collect$$$$00000004)
    .ARM.Collect$$$$00000008                 0x08000190   Section        0  entry7b.o(.ARM.Collect$$$$00000008)
    .ARM.Collect$$$$0000000A                 0x08000190   Section        0  entry8b.o(.ARM.Collect$$$$0000000A)
    .ARM.Collect$$$$0000000B                 0x08000190   Section        8  entry9a.o(.ARM.Collect$$$$0000000B)
    .ARM.Collect$$$$0000000D                 0x08000198   Section        0  entry10a.o(.ARM.Collect$$$$0000000D)
    .ARM.Collect$$$$0000000F                 0x08000198   Section        0  entry11a.o(.ARM.Collect$$$$0000000F)
    .ARM.Collect$$$$00002712                 0x08000198   Section        4  entry2.o(.ARM.Collect$$$$00002712)
    __lit__00000000                          0x08000198   Data           4  entry2.o(.ARM.Collect$$$$00002712)
    .text                                    0x0800019c   Section        0  main.o(.text)
    .text                                    0x08000448   Section        0  stm32f4xx_it.o(.text)
    .text                                    0x08000464   Section        0  stm32f4xx_tim.o(.text)
    TI4_Config                               0x08000c03   Thumb Code    80  stm32f4xx_tim.o(.text)
    TI3_Config                               0x08000c65   Thumb Code    72  stm32f4xx_tim.o(.text)
    TI2_Config                               0x08000cc7   Thumb Code    90  stm32f4xx_tim.o(.text)
    TI1_Config                               0x08000d33   Thumb Code    58  stm32f4xx_tim.o(.text)
    .text                                    0x08001108   Section        0  stm32f4xx_rcc.o(.text)
    .text                                    0x08001764   Section        0  stm32f4xx_adc.o(.text)
    .text                                    0x08001bd4   Section        0  stm32f4xx_gpio.o(.text)
    .text                                    0x08001e68   Section        0  stm32f4xx_dac.o(.text)
    .text                                    0x08002078   Section        0  system_stm32f4xx.o(.text)
    SetSysClock                              0x08002079   Thumb Code   218  system_stm32f4xx.o(.text)
    .text                                    0x08002284   Section       36  startup_stm32f40xx.o(.text)
    $v0                                      0x08002284   Number         0  startup_stm32f40xx.o(.text)
    .text                                    0x080022a8   Section       36  init.o(.text)
    i.__scatterload_copy                     0x080022cc   Section       14  handlers.o(i.__scatterload_copy)
    i.__scatterload_null                     0x080022da   Section        2  handlers.o(i.__scatterload_null)
    i.__scatterload_zeroinit                 0x080022dc   Section       14  handlers.o(i.__scatterload_zeroinit)
    .data                                    0x20000000   Section        6  main.o(.data)
    .data                                    0x20000006   Section       16  stm32f4xx_rcc.o(.data)
    APBAHBPrescTable                         0x20000006   Data          16  stm32f4xx_rcc.o(.data)
    .data                                    0x20000018   Section       20  system_stm32f4xx.o(.data)
    STACK                                    0x20000030   Section     1024  startup_stm32f40xx.o(STACK)

    Global Symbols

    Symbol Name                              Value     Ov Type        Size  Object(Section)

    BuildAttributes$$THM_ISAv4$E$P$D$K$B$S$7EM$VFPi3$EXTD16$VFPS$VFMA$PE$A:L22UL41UL21$X:L11$S22US41US21$IEEE1$IW$USESV6$~STKCKD$USESV7$~SHL$OSPACE$EBA8$MICROLIB$REQ8$PRES8$EABIv2 0x00000000   Number         0  anon$$obj.o ABSOLUTE
    __ARM_use_no_argv                        0x00000000   Number         0  main.o ABSOLUTE
    __cpp_initialize__aeabi_                  - Undefined Weak Reference
    __cxa_finalize                            - Undefined Weak Reference
    __decompress                              - Undefined Weak Reference
    _clock_init                               - Undefined Weak Reference
    _microlib_exit                            - Undefined Weak Reference
    __Vectors_Size                           0x00000188   Number         0  startup_stm32f40xx.o ABSOLUTE
    __Vectors                                0x08000000   Data           4  startup_stm32f40xx.o(RESET)
    __Vectors_End                            0x08000188   Data           0  startup_stm32f40xx.o(RESET)
    __main                                   0x08000189   Thumb Code     0  entry.o(.ARM.Collect$$$$00000000)
    _main_stk                                0x08000189   Thumb Code     0  entry2.o(.ARM.Collect$$$$00000001)
    _main_scatterload                        0x0800018d   Thumb Code     0  entry5.o(.ARM.Collect$$$$00000004)
    __main_after_scatterload                 0x08000191   Thumb Code     0  entry5.o(.ARM.Collect$$$$00000004)
    _main_clock                              0x08000191   Thumb Code     0  entry7b.o(.ARM.Collect$$$$00000008)
    _main_cpp_init                           0x08000191   Thumb Code     0  entry8b.o(.ARM.Collect$$$$0000000A)
    _main_init                               0x08000191   Thumb Code     0  entry9a.o(.ARM.Collect$$$$0000000B)
    __rt_final_cpp                           0x08000199   Thumb Code     0  entry10a.o(.ARM.Collect$$$$0000000D)
    __rt_final_exit                          0x08000199   Thumb Code     0  entry11a.o(.ARM.Collect$$$$0000000F)
    _GPIO_Init                               0x0800019d   Thumb Code   110  main.o(.text)
    _TIM_Init                                0x0800020b   Thumb Code   158  main.o(.text)
    _ADC_Init                                0x080002a9   Thumb Code   200  main.o(.text)
    _DAC_Init                                0x08000371   Thumb Code    40  main.o(.text)
    ADC1_Convert                             0x08000399   Thumb Code    34  main.o(.text)
    ADC2_Convert                             0x080003bb   Thumb Code    34  main.o(.text)
    Suma                                     0x080003dd   Thumb Code    18  main.o(.text)
    DAC_Convert                              0x080003ef   Thumb Code    14  main.o(.text)
    main                                     0x080003fd   Thumb Code    36  main.o(.text)
    NMI_Handler                              0x08000449   Thumb Code     2  stm32f4xx_it.o(.text)
    HardFault_Handler                        0x0800044b   Thumb Code     4  stm32f4xx_it.o(.text)
    MemManage_Handler                        0x0800044f   Thumb Code     4  stm32f4xx_it.o(.text)
    BusFault_Handler                         0x08000453   Thumb Code     4  stm32f4xx_it.o(.text)
    UsageFault_Handler                       0x08000457   Thumb Code     4  stm32f4xx_it.o(.text)
    SVC_Handler                              0x0800045b   Thumb Code     2  stm32f4xx_it.o(.text)
    DebugMon_Handler                         0x0800045d   Thumb Code     2  stm32f4xx_it.o(.text)
    PendSV_Handler                           0x0800045f   Thumb Code     2  stm32f4xx_it.o(.text)
    SysTick_Handler                          0x08000461   Thumb Code     2  stm32f4xx_it.o(.text)
    TIM_DeInit                               0x08000465   Thumb Code   346  stm32f4xx_tim.o(.text)
    TIM_TimeBaseInit                         0x080005bf   Thumb Code   104  stm32f4xx_tim.o(.text)
    TIM_TimeBaseStructInit                   0x08000627   Thumb Code    18  stm32f4xx_tim.o(.text)
    TIM_PrescalerConfig                      0x08000639   Thumb Code     6  stm32f4xx_tim.o(.text)
    TIM_CounterModeConfig                    0x0800063f   Thumb Code    18  stm32f4xx_tim.o(.text)
    TIM_SetCounter                           0x08000651   Thumb Code     4  stm32f4xx_tim.o(.text)
    TIM_SetAutoreload                        0x08000655   Thumb Code     4  stm32f4xx_tim.o(.text)
    TIM_GetCounter                           0x08000659   Thumb Code     6  stm32f4xx_tim.o(.text)
    TIM_GetPrescaler                         0x0800065f   Thumb Code     6  stm32f4xx_tim.o(.text)
    TIM_UpdateDisableConfig                  0x08000665   Thumb Code    24  stm32f4xx_tim.o(.text)
    TIM_UpdateRequestConfig                  0x0800067d   Thumb Code    24  stm32f4xx_tim.o(.text)
    TIM_ARRPreloadConfig                     0x08000695   Thumb Code    24  stm32f4xx_tim.o(.text)
    TIM_SelectOnePulseMode                   0x080006ad   Thumb Code    18  stm32f4xx_tim.o(.text)
    TIM_SetClockDivision                     0x080006bf   Thumb Code    18  stm32f4xx_tim.o(.text)
    TIM_Cmd                                  0x080006d1   Thumb Code    24  stm32f4xx_tim.o(.text)
    TIM_OC1Init                              0x080006e9   Thumb Code   114  stm32f4xx_tim.o(.text)
    TIM_OC2Init                              0x0800075b   Thumb Code   154  stm32f4xx_tim.o(.text)
    TIM_OC3Init                              0x080007f5   Thumb Code   204  stm32f4xx_tim.o(.text)
    TIM_OC4Init                              0x080008c1   Thumb Code   112  stm32f4xx_tim.o(.text)
    TIM_OCStructInit                         0x08000931   Thumb Code    20  stm32f4xx_tim.o(.text)
    TIM_SelectOCxM                           0x08000945   Thumb Code    86  stm32f4xx_tim.o(.text)
    TIM_SetCompare1                          0x0800099b   Thumb Code     4  stm32f4xx_tim.o(.text)
    TIM_SetCompare2                          0x0800099f   Thumb Code     4  stm32f4xx_tim.o(.text)
    TIM_SetCompare3                          0x080009a3   Thumb Code     4  stm32f4xx_tim.o(.text)
    TIM_SetCompare4                          0x080009a7   Thumb Code     4  stm32f4xx_tim.o(.text)
    TIM_ForcedOC1Config                      0x080009ab   Thumb Code    18  stm32f4xx_tim.o(.text)
    TIM_ForcedOC2Config                      0x080009bd   Thumb Code    26  stm32f4xx_tim.o(.text)
    TIM_ForcedOC3Config                      0x080009d7   Thumb Code    18  stm32f4xx_tim.o(.text)
    TIM_ForcedOC4Config                      0x080009e9   Thumb Code    26  stm32f4xx_tim.o(.text)
    TIM_OC1PreloadConfig                     0x08000a03   Thumb Code    18  stm32f4xx_tim.o(.text)
    TIM_OC2PreloadConfig                     0x08000a15   Thumb Code    26  stm32f4xx_tim.o(.text)
    TIM_OC3PreloadConfig                     0x08000a2f   Thumb Code    18  stm32f4xx_tim.o(.text)
    TIM_OC4PreloadConfig                     0x08000a41   Thumb Code    26  stm32f4xx_tim.o(.text)
    TIM_OC1FastConfig                        0x08000a5b   Thumb Code    18  stm32f4xx_tim.o(.text)
    TIM_OC2FastConfig                        0x08000a6d   Thumb Code    26  stm32f4xx_tim.o(.text)
    TIM_OC3FastConfig                        0x08000a87   Thumb Code    18  stm32f4xx_tim.o(.text)
    TIM_OC4FastConfig                        0x08000a99   Thumb Code    26  stm32f4xx_tim.o(.text)
    TIM_ClearOC1Ref                          0x08000ab3   Thumb Code    18  stm32f4xx_tim.o(.text)
    TIM_ClearOC2Ref                          0x08000ac5   Thumb Code    24  stm32f4xx_tim.o(.text)
    TIM_ClearOC3Ref                          0x08000add   Thumb Code    18  stm32f4xx_tim.o(.text)
    TIM_ClearOC4Ref                          0x08000aef   Thumb Code    24  stm32f4xx_tim.o(.text)
    TIM_OC1PolarityConfig                    0x08000b07   Thumb Code    18  stm32f4xx_tim.o(.text)
    TIM_OC1NPolarityConfig                   0x08000b19   Thumb Code    18  stm32f4xx_tim.o(.text)
    TIM_OC2PolarityConfig                    0x08000b2b   Thumb Code    26  stm32f4xx_tim.o(.text)
    TIM_OC2NPolarityConfig                   0x08000b45   Thumb Code    26  stm32f4xx_tim.o(.text)
    TIM_OC3PolarityConfig                    0x08000b5f   Thumb Code    26  stm32f4xx_tim.o(.text)
    TIM_OC3NPolarityConfig                   0x08000b79   Thumb Code    26  stm32f4xx_tim.o(.text)
    TIM_OC4PolarityConfig                    0x08000b93   Thumb Code    26  stm32f4xx_tim.o(.text)
    TIM_CCxCmd                               0x08000bad   Thumb Code    30  stm32f4xx_tim.o(.text)
    TIM_CCxNCmd                              0x08000bcb   Thumb Code    30  stm32f4xx_tim.o(.text)
    TIM_SetIC4Prescaler                      0x08000be9   Thumb Code    26  stm32f4xx_tim.o(.text)
    TIM_SetIC3Prescaler                      0x08000c53   Thumb Code    18  stm32f4xx_tim.o(.text)
    TIM_SetIC2Prescaler                      0x08000cad   Thumb Code    26  stm32f4xx_tim.o(.text)
    TIM_SetIC1Prescaler                      0x08000d21   Thumb Code    18  stm32f4xx_tim.o(.text)
    TIM_ICInit                               0x08000d6d   Thumb Code   110  stm32f4xx_tim.o(.text)
    TIM_ICStructInit                         0x08000ddb   Thumb Code    18  stm32f4xx_tim.o(.text)
    TIM_PWMIConfig                           0x08000ded   Thumb Code   124  stm32f4xx_tim.o(.text)
    TIM_GetCapture1                          0x08000e69   Thumb Code     6  stm32f4xx_tim.o(.text)
    TIM_GetCapture2                          0x08000e6f   Thumb Code     6  stm32f4xx_tim.o(.text)
    TIM_GetCapture3                          0x08000e75   Thumb Code     6  stm32f4xx_tim.o(.text)
    TIM_GetCapture4                          0x08000e7b   Thumb Code     6  stm32f4xx_tim.o(.text)
    TIM_BDTRConfig                           0x08000e81   Thumb Code    32  stm32f4xx_tim.o(.text)
    TIM_BDTRStructInit                       0x08000ea1   Thumb Code    18  stm32f4xx_tim.o(.text)
    TIM_CtrlPWMOutputs                       0x08000eb3   Thumb Code    30  stm32f4xx_tim.o(.text)
    TIM_SelectCOM                            0x08000ed1   Thumb Code    24  stm32f4xx_tim.o(.text)
    TIM_CCPreloadControl                     0x08000ee9   Thumb Code    24  stm32f4xx_tim.o(.text)
    TIM_ITConfig                             0x08000f01   Thumb Code    18  stm32f4xx_tim.o(.text)
    TIM_GenerateEvent                        0x08000f13   Thumb Code     4  stm32f4xx_tim.o(.text)
    TIM_GetFlagStatus                        0x08000f17   Thumb Code    18  stm32f4xx_tim.o(.text)
    TIM_ClearFlag                            0x08000f29   Thumb Code     6  stm32f4xx_tim.o(.text)
    TIM_GetITStatus                          0x08000f2f   Thumb Code    34  stm32f4xx_tim.o(.text)
    TIM_ClearITPendingBit                    0x08000f51   Thumb Code     6  stm32f4xx_tim.o(.text)
    TIM_DMAConfig                            0x08000f57   Thumb Code    10  stm32f4xx_tim.o(.text)
    TIM_DMACmd                               0x08000f61   Thumb Code    18  stm32f4xx_tim.o(.text)
    TIM_SelectCCDMA                          0x08000f73   Thumb Code    24  stm32f4xx_tim.o(.text)
    TIM_InternalClockConfig                  0x08000f8b   Thumb Code    12  stm32f4xx_tim.o(.text)
    TIM_SelectInputTrigger                   0x08000f97   Thumb Code    18  stm32f4xx_tim.o(.text)
    TIM_ITRxExternalClockConfig              0x08000fa9   Thumb Code    24  stm32f4xx_tim.o(.text)
    TIM_TIxExternalClockConfig               0x08000fc1   Thumb Code    62  stm32f4xx_tim.o(.text)
    TIM_ETRConfig                            0x08000fff   Thumb Code    28  stm32f4xx_tim.o(.text)
    TIM_ETRClockMode1Config                  0x0800101b   Thumb Code    54  stm32f4xx_tim.o(.text)
    TIM_ETRClockMode2Config                  0x08001051   Thumb Code    32  stm32f4xx_tim.o(.text)
    TIM_SelectOutputTrigger                  0x08001071   Thumb Code    18  stm32f4xx_tim.o(.text)
    TIM_SelectSlaveMode                      0x08001083   Thumb Code    18  stm32f4xx_tim.o(.text)
    TIM_SelectMasterSlaveMode                0x08001095   Thumb Code    18  stm32f4xx_tim.o(.text)
    TIM_EncoderInterfaceConfig               0x080010a7   Thumb Code    66  stm32f4xx_tim.o(.text)
    TIM_SelectHallSensor                     0x080010e9   Thumb Code    24  stm32f4xx_tim.o(.text)
    TIM_RemapConfig                          0x08001101   Thumb Code     6  stm32f4xx_tim.o(.text)
    RCC_DeInit                               0x08001109   Thumb Code    82  stm32f4xx_rcc.o(.text)
    RCC_HSEConfig                            0x0800115b   Thumb Code    14  stm32f4xx_rcc.o(.text)
    RCC_GetFlagStatus                        0x08001169   Thumb Code    60  stm32f4xx_rcc.o(.text)
    RCC_WaitForHSEStartUp                    0x080011a5   Thumb Code    56  stm32f4xx_rcc.o(.text)
    RCC_AdjustHSICalibrationValue            0x080011dd   Thumb Code    20  stm32f4xx_rcc.o(.text)
    RCC_HSICmd                               0x080011f1   Thumb Code     6  stm32f4xx_rcc.o(.text)
    RCC_LSEConfig                            0x080011f7   Thumb Code    46  stm32f4xx_rcc.o(.text)
    RCC_LSICmd                               0x08001225   Thumb Code     6  stm32f4xx_rcc.o(.text)
    RCC_PLLConfig                            0x0800122b   Thumb Code    32  stm32f4xx_rcc.o(.text)
    RCC_PLLCmd                               0x0800124b   Thumb Code     6  stm32f4xx_rcc.o(.text)
    RCC_PLLI2SConfig                         0x08001251   Thumb Code    14  stm32f4xx_rcc.o(.text)
    RCC_PLLI2SCmd                            0x0800125f   Thumb Code     6  stm32f4xx_rcc.o(.text)
    RCC_PLLSAIConfig                         0x08001265   Thumb Code    20  stm32f4xx_rcc.o(.text)
    RCC_PLLSAICmd                            0x08001279   Thumb Code     6  stm32f4xx_rcc.o(.text)
    RCC_ClockSecuritySystemCmd               0x0800127f   Thumb Code     6  stm32f4xx_rcc.o(.text)
    RCC_MCO1Config                           0x08001285   Thumb Code    28  stm32f4xx_rcc.o(.text)
    RCC_MCO2Config                           0x080012a1   Thumb Code    28  stm32f4xx_rcc.o(.text)
    RCC_SYSCLKConfig                         0x080012bd   Thumb Code    20  stm32f4xx_rcc.o(.text)
    RCC_GetSYSCLKSource                      0x080012d1   Thumb Code    12  stm32f4xx_rcc.o(.text)
    RCC_HCLKConfig                           0x080012dd   Thumb Code    20  stm32f4xx_rcc.o(.text)
    RCC_PCLK1Config                          0x080012f1   Thumb Code    20  stm32f4xx_rcc.o(.text)
    RCC_PCLK2Config                          0x08001305   Thumb Code    22  stm32f4xx_rcc.o(.text)
    RCC_GetClocksFreq                        0x0800131b   Thumb Code   222  stm32f4xx_rcc.o(.text)
    RCC_RTCCLKConfig                         0x080013f9   Thumb Code    54  stm32f4xx_rcc.o(.text)
    RCC_RTCCLKCmd                            0x0800142f   Thumb Code     8  stm32f4xx_rcc.o(.text)
    RCC_BackupResetCmd                       0x08001437   Thumb Code     8  stm32f4xx_rcc.o(.text)
    RCC_I2SCLKConfig                         0x0800143f   Thumb Code     6  stm32f4xx_rcc.o(.text)
    RCC_SAIBlockACLKConfig                   0x08001445   Thumb Code    20  stm32f4xx_rcc.o(.text)
    RCC_SAIBlockBCLKConfig                   0x08001459   Thumb Code    20  stm32f4xx_rcc.o(.text)
    RCC_SAIPLLI2SClkDivConfig                0x0800146d   Thumb Code    26  stm32f4xx_rcc.o(.text)
    RCC_SAIPLLSAIClkDivConfig                0x08001487   Thumb Code    28  stm32f4xx_rcc.o(.text)
    RCC_LTDCCLKDivConfig                     0x080014a3   Thumb Code    20  stm32f4xx_rcc.o(.text)
    RCC_TIMCLKPresConfig                     0x080014b7   Thumb Code     6  stm32f4xx_rcc.o(.text)
    RCC_AHB1PeriphClockCmd                   0x080014bd   Thumb Code    34  stm32f4xx_rcc.o(.text)
    RCC_AHB2PeriphClockCmd                   0x080014df   Thumb Code    78  stm32f4xx_rcc.o(.text)
    RCC_AHB3PeriphClockCmd                   0x0800152d   Thumb Code    34  stm32f4xx_rcc.o(.text)
    RCC_APB1PeriphClockCmd                   0x0800154f   Thumb Code    34  stm32f4xx_rcc.o(.text)
    RCC_APB2PeriphClockCmd                   0x08001571   Thumb Code    34  stm32f4xx_rcc.o(.text)
    RCC_AHB1PeriphResetCmd                   0x08001593   Thumb Code    34  stm32f4xx_rcc.o(.text)
    RCC_AHB2PeriphResetCmd                   0x080015b5   Thumb Code    34  stm32f4xx_rcc.o(.text)
    RCC_AHB3PeriphResetCmd                   0x080015d7   Thumb Code    34  stm32f4xx_rcc.o(.text)
    RCC_APB1PeriphResetCmd                   0x080015f9   Thumb Code    34  stm32f4xx_rcc.o(.text)
    RCC_APB2PeriphResetCmd                   0x0800161b   Thumb Code    34  stm32f4xx_rcc.o(.text)
    RCC_AHB1PeriphClockLPModeCmd             0x0800163d   Thumb Code    34  stm32f4xx_rcc.o(.text)
    RCC_AHB2PeriphClockLPModeCmd             0x0800165f   Thumb Code    34  stm32f4xx_rcc.o(.text)
    RCC_AHB3PeriphClockLPModeCmd             0x08001681   Thumb Code    34  stm32f4xx_rcc.o(.text)
    RCC_APB1PeriphClockLPModeCmd             0x080016a3   Thumb Code    34  stm32f4xx_rcc.o(.text)
    RCC_APB2PeriphClockLPModeCmd             0x080016c5   Thumb Code    34  stm32f4xx_rcc.o(.text)
    RCC_LSEModeConfig                        0x080016e7   Thumb Code    40  stm32f4xx_rcc.o(.text)
    RCC_ITConfig                             0x0800170f   Thumb Code    34  stm32f4xx_rcc.o(.text)
    RCC_ClearFlag                            0x08001731   Thumb Code    18  stm32f4xx_rcc.o(.text)
    RCC_GetITStatus                          0x08001743   Thumb Code    22  stm32f4xx_rcc.o(.text)
    RCC_ClearITPendingBit                    0x08001759   Thumb Code     8  stm32f4xx_rcc.o(.text)
    ADC_DeInit                               0x08001765   Thumb Code    22  stm32f4xx_adc.o(.text)
    ADC_Init                                 0x0800177b   Thumb Code    74  stm32f4xx_adc.o(.text)
    ADC_StructInit                           0x080017c5   Thumb Code    20  stm32f4xx_adc.o(.text)
    ADC_CommonInit                           0x080017d9   Thumb Code    44  stm32f4xx_adc.o(.text)
    ADC_CommonStructInit                     0x08001805   Thumb Code    12  stm32f4xx_adc.o(.text)
    ADC_Cmd                                  0x08001811   Thumb Code    22  stm32f4xx_adc.o(.text)
    ADC_AnalogWatchdogCmd                    0x08001827   Thumb Code    16  stm32f4xx_adc.o(.text)
    ADC_AnalogWatchdogThresholdsConfig       0x08001837   Thumb Code     6  stm32f4xx_adc.o(.text)
    ADC_AnalogWatchdogSingleChannelConfig    0x0800183d   Thumb Code    16  stm32f4xx_adc.o(.text)
    ADC_TempSensorVrefintCmd                 0x0800184d   Thumb Code    34  stm32f4xx_adc.o(.text)
    ADC_VBATCmd                              0x0800186f   Thumb Code    34  stm32f4xx_adc.o(.text)
    ADC_RegularChannelConfig                 0x08001891   Thumb Code   184  stm32f4xx_adc.o(.text)
    ADC_SoftwareStartConv                    0x08001949   Thumb Code    10  stm32f4xx_adc.o(.text)
    ADC_GetSoftwareStartConvStatus           0x08001953   Thumb Code    20  stm32f4xx_adc.o(.text)
    ADC_EOCOnEachRegularChannelCmd           0x08001967   Thumb Code    22  stm32f4xx_adc.o(.text)
    ADC_ContinuousModeCmd                    0x0800197d   Thumb Code    22  stm32f4xx_adc.o(.text)
    ADC_DiscModeChannelCountConfig           0x08001993   Thumb Code    24  stm32f4xx_adc.o(.text)
    ADC_DiscModeCmd                          0x080019ab   Thumb Code    22  stm32f4xx_adc.o(.text)
    ADC_GetConversionValue                   0x080019c1   Thumb Code     8  stm32f4xx_adc.o(.text)
    ADC_GetMultiModeConversionValue          0x080019c9   Thumb Code     6  stm32f4xx_adc.o(.text)
    ADC_DMACmd                               0x080019cf   Thumb Code    22  stm32f4xx_adc.o(.text)
    ADC_DMARequestAfterLastTransferCmd       0x080019e5   Thumb Code    22  stm32f4xx_adc.o(.text)
    ADC_MultiModeDMARequestAfterLastTransferCmd 0x080019fb   Thumb Code    34  stm32f4xx_adc.o(.text)
    ADC_InjectedChannelConfig                0x08001a1d   Thumb Code   130  stm32f4xx_adc.o(.text)
    ADC_InjectedSequencerLengthConfig        0x08001a9f   Thumb Code    24  stm32f4xx_adc.o(.text)
    ADC_SetInjectedOffset                    0x08001ab7   Thumb Code    20  stm32f4xx_adc.o(.text)
    ADC_ExternalTrigInjectedConvConfig       0x08001acb   Thumb Code    16  stm32f4xx_adc.o(.text)
    ADC_ExternalTrigInjectedConvEdgeConfig   0x08001adb   Thumb Code    16  stm32f4xx_adc.o(.text)
    ADC_SoftwareStartInjectedConv            0x08001aeb   Thumb Code    10  stm32f4xx_adc.o(.text)
    ADC_GetSoftwareStartInjectedConvCmdStatus 0x08001af5   Thumb Code    20  stm32f4xx_adc.o(.text)
    ADC_AutoInjectedConvCmd                  0x08001b09   Thumb Code    22  stm32f4xx_adc.o(.text)
    ADC_InjectedDiscModeCmd                  0x08001b1f   Thumb Code    22  stm32f4xx_adc.o(.text)
    ADC_GetInjectedConversionValue           0x08001b35   Thumb Code    28  stm32f4xx_adc.o(.text)
    ADC_ITConfig                             0x08001b51   Thumb Code    60  stm32f4xx_adc.o(.text)
    ADC_GetFlagStatus                        0x08001b8d   Thumb Code    18  stm32f4xx_adc.o(.text)
    ADC_ClearFlag                            0x08001b9f   Thumb Code     6  stm32f4xx_adc.o(.text)
    ADC_GetITStatus                          0x08001ba5   Thumb Code    38  stm32f4xx_adc.o(.text)
    ADC_ClearITPendingBit                    0x08001bcb   Thumb Code    10  stm32f4xx_adc.o(.text)
    GPIO_DeInit                              0x08001bd5   Thumb Code   268  stm32f4xx_gpio.o(.text)
    GPIO_Init                                0x08001ce1   Thumb Code   144  stm32f4xx_gpio.o(.text)
    GPIO_StructInit                          0x08001d71   Thumb Code    18  stm32f4xx_gpio.o(.text)
    GPIO_PinLockConfig                       0x08001d83   Thumb Code    34  stm32f4xx_gpio.o(.text)
    GPIO_ReadInputDataBit                    0x08001da5   Thumb Code    18  stm32f4xx_gpio.o(.text)
    GPIO_ReadInputData                       0x08001db7   Thumb Code     8  stm32f4xx_gpio.o(.text)
    GPIO_ReadOutputDataBit                   0x08001dbf   Thumb Code    18  stm32f4xx_gpio.o(.text)
    GPIO_ReadOutputData                      0x08001dd1   Thumb Code     8  stm32f4xx_gpio.o(.text)
    GPIO_SetBits                             0x08001dd9   Thumb Code     4  stm32f4xx_gpio.o(.text)
    GPIO_ResetBits                           0x08001ddd   Thumb Code     4  stm32f4xx_gpio.o(.text)
    GPIO_WriteBit                            0x08001de1   Thumb Code    10  stm32f4xx_gpio.o(.text)
    GPIO_Write                               0x08001deb   Thumb Code     4  stm32f4xx_gpio.o(.text)
    GPIO_ToggleBits                          0x08001def   Thumb Code     8  stm32f4xx_gpio.o(.text)
    GPIO_PinAFConfig                         0x08001df7   Thumb Code    70  stm32f4xx_gpio.o(.text)
    DAC_DeInit                               0x08001e69   Thumb Code    22  stm32f4xx_dac.o(.text)
    DAC_Init                                 0x08001e7f   Thumb Code    46  stm32f4xx_dac.o(.text)
    DAC_StructInit                           0x08001ead   Thumb Code    12  stm32f4xx_dac.o(.text)
    DAC_Cmd                                  0x08001eb9   Thumb Code    34  stm32f4xx_dac.o(.text)
    DAC_SoftwareTriggerCmd                   0x08001edb   Thumb Code    48  stm32f4xx_dac.o(.text)
    DAC_DualSoftwareTriggerCmd               0x08001f0b   Thumb Code    38  stm32f4xx_dac.o(.text)
    DAC_WaveGenerationCmd                    0x08001f31   Thumb Code    36  stm32f4xx_dac.o(.text)
    DAC_SetChannel1Data                      0x08001f55   Thumb Code    26  stm32f4xx_dac.o(.text)
    DAC_SetChannel2Data                      0x08001f6f   Thumb Code    26  stm32f4xx_dac.o(.text)
    DAC_SetDualChannelData                   0x08001f89   Thumb Code    32  stm32f4xx_dac.o(.text)
    DAC_GetDataOutputValue                   0x08001fa9   Thumb Code    32  stm32f4xx_dac.o(.text)
    DAC_DMACmd                               0x08001fc9   Thumb Code    38  stm32f4xx_dac.o(.text)
    DAC_ITConfig                             0x08001fef   Thumb Code    36  stm32f4xx_dac.o(.text)
    DAC_GetFlagStatus                        0x08002013   Thumb Code    28  stm32f4xx_dac.o(.text)
    DAC_ClearFlag                            0x0800202f   Thumb Code    12  stm32f4xx_dac.o(.text)
    DAC_GetITStatus                          0x0800203b   Thumb Code    44  stm32f4xx_dac.o(.text)
    DAC_ClearITPendingBit                    0x08002067   Thumb Code    12  stm32f4xx_dac.o(.text)
    SystemInit                               0x08002153   Thumb Code    88  system_stm32f4xx.o(.text)
    SystemCoreClockUpdate                    0x080021ab   Thumb Code   174  system_stm32f4xx.o(.text)
    Reset_Handler                            0x08002285   Thumb Code     8  startup_stm32f40xx.o(.text)
    ADC_IRQHandler                           0x0800229f   Thumb Code     0  startup_stm32f40xx.o(.text)
    CAN1_RX0_IRQHandler                      0x0800229f   Thumb Code     0  startup_stm32f40xx.o(.text)
    CAN1_RX1_IRQHandler                      0x0800229f   Thumb Code     0  startup_stm32f40xx.o(.text)
    CAN1_SCE_IRQHandler                      0x0800229f   Thumb Code     0  startup_stm32f40xx.o(.text)
    CAN1_TX_IRQHandler                       0x0800229f   Thumb Code     0  startup_stm32f40xx.o(.text)
    CAN2_RX0_IRQHandler                      0x0800229f   Thumb Code     0  startup_stm32f40xx.o(.text)
    CAN2_RX1_IRQHandler                      0x0800229f   Thumb Code     0  startup_stm32f40xx.o(.text)
    CAN2_SCE_IRQHandler                      0x0800229f   Thumb Code     0  startup_stm32f40xx.o(.text)
    CAN2_TX_IRQHandler                       0x0800229f   Thumb Code     0  startup_stm32f40xx.o(.text)
    CRYP_IRQHandler                          0x0800229f   Thumb Code     0  startup_stm32f40xx.o(.text)
    DCMI_IRQHandler                          0x0800229f   Thumb Code     0  startup_stm32f40xx.o(.text)
    DMA1_Stream0_IRQHandler                  0x0800229f   Thumb Code     0  startup_stm32f40xx.o(.text)
    DMA1_Stream1_IRQHandler                  0x0800229f   Thumb Code     0  startup_stm32f40xx.o(.text)
    DMA1_Stream2_IRQHandler                  0x0800229f   Thumb Code     0  startup_stm32f40xx.o(.text)
    DMA1_Stream3_IRQHandler                  0x0800229f   Thumb Code     0  startup_stm32f40xx.o(.text)
    DMA1_Stream4_IRQHandler                  0x0800229f   Thumb Code     0  startup_stm32f40xx.o(.text)
    DMA1_Stream5_IRQHandler                  0x0800229f   Thumb Code     0  startup_stm32f40xx.o(.text)
    DMA1_Stream6_IRQHandler                  0x0800229f   Thumb Code     0  startup_stm32f40xx.o(.text)
    DMA1_Stream7_IRQHandler                  0x0800229f   Thumb Code     0  startup_stm32f40xx.o(.text)
    DMA2_Stream0_IRQHandler                  0x0800229f   Thumb Code     0  startup_stm32f40xx.o(.text)
    DMA2_Stream1_IRQHandler                  0x0800229f   Thumb Code     0  startup_stm32f40xx.o(.text)
    DMA2_Stream2_IRQHandler                  0x0800229f   Thumb Code     0  startup_stm32f40xx.o(.text)
    DMA2_Stream3_IRQHandler                  0x0800229f   Thumb Code     0  startup_stm32f40xx.o(.text)
    DMA2_Stream4_IRQHandler                  0x0800229f   Thumb Code     0  startup_stm32f40xx.o(.text)
    DMA2_Stream5_IRQHandler                  0x0800229f   Thumb Code     0  startup_stm32f40xx.o(.text)
    DMA2_Stream6_IRQHandler                  0x0800229f   Thumb Code     0  startup_stm32f40xx.o(.text)
    DMA2_Stream7_IRQHandler                  0x0800229f   Thumb Code     0  startup_stm32f40xx.o(.text)
    ETH_IRQHandler                           0x0800229f   Thumb Code     0  startup_stm32f40xx.o(.text)
    ETH_WKUP_IRQHandler                      0x0800229f   Thumb Code     0  startup_stm32f40xx.o(.text)
    EXTI0_IRQHandler                         0x0800229f   Thumb Code     0  startup_stm32f40xx.o(.text)
    EXTI15_10_IRQHandler                     0x0800229f   Thumb Code     0  startup_stm32f40xx.o(.text)
    EXTI1_IRQHandler                         0x0800229f   Thumb Code     0  startup_stm32f40xx.o(.text)
    EXTI2_IRQHandler                         0x0800229f   Thumb Code     0  startup_stm32f40xx.o(.text)
    EXTI3_IRQHandler                         0x0800229f   Thumb Code     0  startup_stm32f40xx.o(.text)
    EXTI4_IRQHandler                         0x0800229f   Thumb Code     0  startup_stm32f40xx.o(.text)
    EXTI9_5_IRQHandler                       0x0800229f   Thumb Code     0  startup_stm32f40xx.o(.text)
    FLASH_IRQHandler                         0x0800229f   Thumb Code     0  startup_stm32f40xx.o(.text)
    FPU_IRQHandler                           0x0800229f   Thumb Code     0  startup_stm32f40xx.o(.text)
    FSMC_IRQHandler                          0x0800229f   Thumb Code     0  startup_stm32f40xx.o(.text)
    HASH_RNG_IRQHandler                      0x0800229f   Thumb Code     0  startup_stm32f40xx.o(.text)
    I2C1_ER_IRQHandler                       0x0800229f   Thumb Code     0  startup_stm32f40xx.o(.text)
    I2C1_EV_IRQHandler                       0x0800229f   Thumb Code     0  startup_stm32f40xx.o(.text)
    I2C2_ER_IRQHandler                       0x0800229f   Thumb Code     0  startup_stm32f40xx.o(.text)
    I2C2_EV_IRQHandler                       0x0800229f   Thumb Code     0  startup_stm32f40xx.o(.text)
    I2C3_ER_IRQHandler                       0x0800229f   Thumb Code     0  startup_stm32f40xx.o(.text)
    I2C3_EV_IRQHandler                       0x0800229f   Thumb Code     0  startup_stm32f40xx.o(.text)
    OTG_FS_IRQHandler                        0x0800229f   Thumb Code     0  startup_stm32f40xx.o(.text)
    OTG_FS_WKUP_IRQHandler                   0x0800229f   Thumb Code     0  startup_stm32f40xx.o(.text)
    OTG_HS_EP1_IN_IRQHandler                 0x0800229f   Thumb Code     0  startup_stm32f40xx.o(.text)
    OTG_HS_EP1_OUT_IRQHandler                0x0800229f   Thumb Code     0  startup_stm32f40xx.o(.text)
    OTG_HS_IRQHandler                        0x0800229f   Thumb Code     0  startup_stm32f40xx.o(.text)
    OTG_HS_WKUP_IRQHandler                   0x0800229f   Thumb Code     0  startup_stm32f40xx.o(.text)
    PVD_IRQHandler                           0x0800229f   Thumb Code     0  startup_stm32f40xx.o(.text)
    RCC_IRQHandler                           0x0800229f   Thumb Code     0  startup_stm32f40xx.o(.text)
    RTC_Alarm_IRQHandler                     0x0800229f   Thumb Code     0  startup_stm32f40xx.o(.text)
    RTC_WKUP_IRQHandler                      0x0800229f   Thumb Code     0  startup_stm32f40xx.o(.text)
    SDIO_IRQHandler                          0x0800229f   Thumb Code     0  startup_stm32f40xx.o(.text)
    SPI1_IRQHandler                          0x0800229f   Thumb Code     0  startup_stm32f40xx.o(.text)
    SPI2_IRQHandler                          0x0800229f   Thumb Code     0  startup_stm32f40xx.o(.text)
    SPI3_IRQHandler                          0x0800229f   Thumb Code     0  startup_stm32f40xx.o(.text)
    TAMP_STAMP_IRQHandler                    0x0800229f   Thumb Code     0  startup_stm32f40xx.o(.text)
    TIM1_BRK_TIM9_IRQHandler                 0x0800229f   Thumb Code     0  startup_stm32f40xx.o(.text)
    TIM1_CC_IRQHandler                       0x0800229f   Thumb Code     0  startup_stm32f40xx.o(.text)
    TIM1_TRG_COM_TIM11_IRQHandler            0x0800229f   Thumb Code     0  startup_stm32f40xx.o(.text)
    TIM1_UP_TIM10_IRQHandler                 0x0800229f   Thumb Code     0  startup_stm32f40xx.o(.text)
    TIM2_IRQHandler                          0x0800229f   Thumb Code     0  startup_stm32f40xx.o(.text)
    TIM3_IRQHandler                          0x0800229f   Thumb Code     0  startup_stm32f40xx.o(.text)
    TIM4_IRQHandler                          0x0800229f   Thumb Code     0  startup_stm32f40xx.o(.text)
    TIM5_IRQHandler                          0x0800229f   Thumb Code     0  startup_stm32f40xx.o(.text)
    TIM6_DAC_IRQHandler                      0x0800229f   Thumb Code     0  startup_stm32f40xx.o(.text)
    TIM7_IRQHandler                          0x0800229f   Thumb Code     0  startup_stm32f40xx.o(.text)
    TIM8_BRK_TIM12_IRQHandler                0x0800229f   Thumb Code     0  startup_stm32f40xx.o(.text)
    TIM8_CC_IRQHandler                       0x0800229f   Thumb Code     0  startup_stm32f40xx.o(.text)
    TIM8_TRG_COM_TIM14_IRQHandler            0x0800229f   Thumb Code     0  startup_stm32f40xx.o(.text)
    TIM8_UP_TIM13_IRQHandler                 0x0800229f   Thumb Code     0  startup_stm32f40xx.o(.text)
    UART4_IRQHandler                         0x0800229f   Thumb Code     0  startup_stm32f40xx.o(.text)
    UART5_IRQHandler                         0x0800229f   Thumb Code     0  startup_stm32f40xx.o(.text)
    USART1_IRQHandler                        0x0800229f   Thumb Code     0  startup_stm32f40xx.o(.text)
    USART2_IRQHandler                        0x0800229f   Thumb Code     0  startup_stm32f40xx.o(.text)
    USART3_IRQHandler                        0x0800229f   Thumb Code     0  startup_stm32f40xx.o(.text)
    USART6_IRQHandler                        0x0800229f   Thumb Code     0  startup_stm32f40xx.o(.text)
    WWDG_IRQHandler                          0x0800229f   Thumb Code     0  startup_stm32f40xx.o(.text)
    __scatterload                            0x080022a9   Thumb Code    28  init.o(.text)
    __scatterload_rt2                        0x080022a9   Thumb Code     0  init.o(.text)
    __scatterload_copy                       0x080022cd   Thumb Code    14  handlers.o(i.__scatterload_copy)
    __scatterload_null                       0x080022db   Thumb Code     2  handlers.o(i.__scatterload_null)
    __scatterload_zeroinit                   0x080022dd   Thumb Code    14  handlers.o(i.__scatterload_zeroinit)
    Region$$Table$$Base                      0x080022ec   Number         0  anon$$obj.o(Region$$Table)
    Region$$Table$$Limit                     0x0800230c   Number         0  anon$$obj.o(Region$$Table)
    Sygnal1                                  0x20000000   Data           2  main.o(.data)
    Sygnal2                                  0x20000002   Data           2  main.o(.data)
    Wynik                                    0x20000004   Data           2  main.o(.data)
    SystemCoreClock                          0x20000018   Data           4  system_stm32f4xx.o(.data)
    AHBPrescTable                            0x2000001c   Data          16  system_stm32f4xx.o(.data)
    __initial_sp                             0x20000430   Data           0  startup_stm32f40xx.o(STACK)



==============================================================================

Memory Map of the image

  Image Entry point : 0x08000189

  Load Region LR_IROM1 (Base: 0x08000000, Size: 0x00002338, Max: 0x00100000, ABSOLUTE)

    Execution Region ER_IROM1 (Base: 0x08000000, Size: 0x0000230c, Max: 0x00100000, ABSOLUTE)

    Base Addr    Size         Type   Attr      Idx    E Section Name        Object

    0x08000000   0x00000188   Data   RO          330    RESET               startup_stm32f40xx.o
    0x08000188   0x00000000   Code   RO          335  * .ARM.Collect$$$$00000000  mc_w.l(entry.o)
    0x08000188   0x00000004   Code   RO          338    .ARM.Collect$$$$00000001  mc_w.l(entry2.o)
    0x0800018c   0x00000004   Code   RO          341    .ARM.Collect$$$$00000004  mc_w.l(entry5.o)
    0x08000190   0x00000000   Code   RO          343    .ARM.Collect$$$$00000008  mc_w.l(entry7b.o)
    0x08000190   0x00000000   Code   RO          345    .ARM.Collect$$$$0000000A  mc_w.l(entry8b.o)
    0x08000190   0x00000008   Code   RO          346    .ARM.Collect$$$$0000000B  mc_w.l(entry9a.o)
    0x08000198   0x00000000   Code   RO          348    .ARM.Collect$$$$0000000D  mc_w.l(entry10a.o)
    0x08000198   0x00000000   Code   RO          350    .ARM.Collect$$$$0000000F  mc_w.l(entry11a.o)
    0x08000198   0x00000004   Code   RO          339    .ARM.Collect$$$$00002712  mc_w.l(entry2.o)
    0x0800019c   0x000002ac   Code   RO            3    .text               main.o
    0x08000448   0x0000001a   Code   RO          139    .text               stm32f4xx_it.o
    0x08000462   0x00000002   PAD
    0x08000464   0x00000ca2   Code   RO          162    .text               stm32f4xx_tim.o
    0x08001106   0x00000002   PAD
    0x08001108   0x0000065c   Code   RO          202    .text               stm32f4xx_rcc.o
    0x08001764   0x00000470   Code   RO          224    .text               stm32f4xx_adc.o
    0x08001bd4   0x00000294   Code   RO          264    .text               stm32f4xx_gpio.o
    0x08001e68   0x00000210   Code   RO          284    .text               stm32f4xx_dac.o
    0x08002078   0x0000020c   Code   RO          304    .text               system_stm32f4xx.o
    0x08002284   0x00000024   Code   RO          331    .text               startup_stm32f40xx.o
    0x080022a8   0x00000024   Code   RO          352    .text               mc_w.l(init.o)
    0x080022cc   0x0000000e   Code   RO          356    i.__scatterload_copy  mc_w.l(handlers.o)
    0x080022da   0x00000002   Code   RO          357    i.__scatterload_null  mc_w.l(handlers.o)
    0x080022dc   0x0000000e   Code   RO          358    i.__scatterload_zeroinit  mc_w.l(handlers.o)
    0x080022ea   0x00000002   PAD
    0x080022ec   0x00000020   Data   RO          354    Region$$Table       anon$$obj.o


    Execution Region RW_IRAM1 (Base: 0x20000000, Size: 0x00000430, Max: 0x00020000, ABSOLUTE)

    Base Addr    Size         Type   Attr      Idx    E Section Name        Object

    0x20000000   0x00000006   Data   RW            4    .data               main.o
    0x20000006   0x00000010   Data   RW          203    .data               stm32f4xx_rcc.o
    0x20000016   0x00000002   PAD
    0x20000018   0x00000014   Data   RW          305    .data               system_stm32f4xx.o
    0x2000002c   0x00000004   PAD
    0x20000030   0x00000400   Zero   RW          328    STACK               startup_stm32f40xx.o


==============================================================================

Image component sizes


      Code (inc. data)   RO Data    RW Data    ZI Data      Debug   Object Name

       684         40          0          6          0     301131   main.o
        36          8        392          0       1024        772   startup_stm32f40xx.o
      1136         28          0          0          0      10586   stm32f4xx_adc.o
       528          6          0          0          0       5101   stm32f4xx_dac.o
       660         44          0          0          0       4185   stm32f4xx_gpio.o
        26          0          0          0          0       1206   stm32f4xx_it.o
      1628         52          0         16          0      12992   stm32f4xx_rcc.o
      3234         60          0          0          0      22392   stm32f4xx_tim.o
       524         44          0         20          0       1719   system_stm32f4xx.o

    ----------------------------------------------------------------------
      8460        282        424         44       1028     360084   Object Totals
         0          0         32          0          0          0   (incl. Generated)
         4          0          0          2          4          0   (incl. Padding)

    ----------------------------------------------------------------------

      Code (inc. data)   RO Data    RW Data    ZI Data      Debug   Library Member Name

         0          0          0          0          0          0   entry.o
         0          0          0          0          0          0   entry10a.o
         0          0          0          0          0          0   entry11a.o
         8          4          0          0          0          0   entry2.o
         4          0          0          0          0          0   entry5.o
         0          0          0          0          0          0   entry7b.o
         0          0          0          0          0          0   entry8b.o
         8          4          0          0          0          0   entry9a.o
        30          0          0          0          0          0   handlers.o
        36          8          0          0          0         68   init.o

    ----------------------------------------------------------------------
        88         16          0          0          0         68   Library Totals
         2          0          0          0          0          0   (incl. Padding)

    ----------------------------------------------------------------------

      Code (inc. data)   RO Data    RW Data    ZI Data      Debug   Library Name

        86         16          0          0          0         68   mc_w.l

    ----------------------------------------------------------------------
        88         16          0          0          0         68   Library Totals

    ----------------------------------------------------------------------

==============================================================================


      Code (inc. data)   RO Data    RW Data    ZI Data      Debug   

      8548        298        424         44       1028     358152   Grand Totals
      8548        298        424         44       1028     358152   ELF Image Totals
      8548        298        424         44          0          0   ROM Totals

==============================================================================

    Total RO  Size (Code + RO Data)                 8972 (   8.76kB)
    Total RW  Size (RW Data + ZI Data)              1072 (   1.05kB)
    Total ROM Size (Code + RO Data + RW Data)       9016 (   8.80kB)

==============================================================================

